---
source: src/tests/integration/resize_down.rs
expression: snapshot
---
aaaaaaaaaaaaaaaaaaaaaaaaaaaaaa│                                                            │                             
aaaaaaaaaaaaaaaaaaaaaaaaaaaaaa│                                                            │                             
aaaaaaaaaaaaaaaaaaaaaaaaaaaaaa│                                                            │                             
a                             │                                                            │                             
line17-aaaaaaaaaaaaaaaaaaaaaaa│                                                            │                             
aaaaaaaaaaaaaaaaaaaaaaaaaaaaaa│                                                            │                             
aaaaaaaaaaaaaaaaaaaaaaaaaaaaaa│                                                            │                             
aaaaaaaaaaaaaaaaaaaaaaaaaaaaaa│                                                            │                             
a                             │                                                            │                             
line18-aaaaaaaaaaaaaaaaaaaaaaa│                                                            │                             
aaaaaaaaaaaaaaaaaaaaaaaaaaaaaa│                                                            │                             
aaaaaaaaaaaaaaaaaaaaaaaaaaaaaa│                                                            │                             
aaaaaaaaaaaaaaaaaaaaaaaaaaaaaa│                                                            │                             
a                             │                                                            │                             
line19-aaaaaaaaaaaaaaaaaaaaaaa│                                                            │                             
aaaaaaaaaaaaaaaaaaaaaaaaaaaaaa│                                                            │                             
aaaaaaaaaaaaaaaaaaaaaaaaaaaaaa│                                                            │                             
aaaaaaaaaaaaaaaaaaaaaaaaaaaaaa│                                                            │                             
a                             │                                                            │                             
prompt $                      │                                                            │                             
──────────────────────────────│line1-bbbbbbbbbbbbbbbbbbbbbbbbbbbbbbbbbbbbbbbbbbbbbbbbbbbbbb│line1-bbbbbbbbbbbbbbbbbbbbbbb
                              │line2-bbbbbbbbbbbbbbbbbbbbbbbbbbbbbbbbbbbbbbbbbbbbbbbbbbbbbb│line2-bbbbbbbbbbbbbbbbbbbbbbb
                              │line3-bbbbbbbbbbbbbbbbbbbbbbbbbbbbbbbbbbbbbbbbbbbbbbbbbbbbbb│line3-bbbbbbbbbbbbbbbbbbbbbbb
                              │line4-bbbbbbbbbbbbbbbbbbbbbbbbbbbbbbbbbbbbbbbbbbbbbbbbbbbbbb│line4-bbbbbbbbbbbbbbbbbbbbbbb
                              │line5-bbbbbbbbbbbbbbbbbbbbbbbbbbbbbbbbbbbbbbbbbbbbbbbbbbbbbb│line5-bbbbbbbbbbbbbbbbbbbbbbb
                              │line6-bbbbbbbbbbbbbbbbbbbbbbbbbbbbbbbbbbbbbbbbbbbbbbbbbbbbbb│line6-bbbbbbbbbbbbbbbbbbbbbbb
                              │line7-bbbbbbbbbbbbbbbbbbbbbbbbbbbbbbbbbbbbbbbbbbbbbbbbbbbbbb│line7-bbbbbbbbbbbbbbbbbbbbbbb
                              │line8-bbbbbbbbbbbbbbbbbbbbbbbbbbbbbbbbbbbbbbbbbbbbbbbbbbbbbb│line8-bbbbbbbbbbbbbbbbbbbbbbb
                              │line9-bbbbbbbbbbbbbbbbbbbbbbbbbbbbbbbbbbbbbbbbbbbbbbbbbbbbbb│line9-bbbbbbbbbbbbbbbbbbbbbbb
                              │line10-bbbbbbbbbbbbbbbbbbbbbbbbbbbbbbbbbbbbbbbbbbbbbbbbbbbbb│line10-bbbbbbbbbbbbbbbbbbbbbb
                              │line11-bbbbbbbbbbbbbbbbbbbbbbbbbbbbbbbbbbbbbbbbbbbbbbbbbbbbb│line11-bbbbbbbbbbbbbbbbbbbbbb
                              │line12-bbbbbbbbbbbbbbbbbbbbbbbbbbbbbbbbbbbbbbbbbbbbbbbbbbbbb│line12-bbbbbbbbbbbbbbbbbbbbbb
                              │line13-bbbbbbbbbbbbbbbbbbbbbbbbbbbbbbbbbbbbbbbbbbbbbbbbbbbbb│line13-bbbbbbbbbbbbbbbbbbbbbb
                              │line14-bbbbbbbbbbbbbbbbbbbbbbbbbbbbbbbbbbbbbbbbbbbbbbbbbbbbb│line14-bbbbbbbbbbbbbbbbbbbbbb
                              │line15-bbbbbbbbbbbbbbbbbbbbbbbbbbbbbbbbbbbbbbbbbbbbbbbbbbbbb│line15-bbbbbbbbbbbbbbbbbbbbbb
                              │line16-bbbbbbbbbbbbbbbbbbbbbbbbbbbbbbbbbbbbbbbbbbbbbbbbbbbbb│line16-bbbbbbbbbbbbbbbbbbbbbb
                              │line17-bbbbbbbbbbbbbbbbbbbbbbbbbbbbbbbbbbbbbbbbbbbbbbbbbbbbb│line17-bbbbbbbbbbbbbbbbbbbbbb
                              │line18-bbbbbbbbbbbbbbbbbbbbbbbbbbbbbbbbbbbbbbbbbbbbbbbbbbbbb│line18-bbbbbbbbbbbbbbbbbbbbbb
                              │line19-bbbbbbbbbbbbbbbbbbbbbbbbbbbbbbbbbbbbbbbbbbbbbbbbbbbbb│line19-bbbbbbbbbbbbbbbbbbbbbb
█                             │prompt $                                                    │prompt $                     
