---
source: src/tests/integration/resize_down.rs
expression: snapshot
---
aaaaaaaaaaaaaaaaaaaaaaaaaaaaaaaaaaaaaaaa│                                                  │                             
aaaaaaaaaaaaaaaaaaaaaaaaaaaaaaaaaaaaaaaa│line1-bbbbbbbbbbbbbbbbbbbbbbbbbbbbbbbbbbbbbbbbbbbb│                             
a                                       │bbbbbbbbbb                                        │                             
line11-aaaaaaaaaaaaaaaaaaaaaaaaaaaaaaaaa│line2-bbbbbbbbbbbbbbbbbbbbbbbbbbbbbbbbbbbbbbbbbbbb│                             
aaaaaaaaaaaaaaaaaaaaaaaaaaaaaaaaaaaaaaaa│bbbbbbbbbb                                        │                             
aaaaaaaaaaaaaaaaaaaaaaaaaaaaaaaaaaaaaaaa│line3-bbbbbbbbbbbbbbbbbbbbbbbbbbbbbbbbbbbbbbbbbbbb│                             
a                                       │bbbbbbbbbb                                        │                             
line12-aaaaaaaaaaaaaaaaaaaaaaaaaaaaaaaaa│line4-bbbbbbbbbbbbbbbbbbbbbbbbbbbbbbbbbbbbbbbbbbbb│                             
aaaaaaaaaaaaaaaaaaaaaaaaaaaaaaaaaaaaaaaa│bbbbbbbbbb                                        │                             
aaaaaaaaaaaaaaaaaaaaaaaaaaaaaaaaaaaaaaaa│line5-bbbbbbbbbbbbbbbbbbbbbbbbbbbbbbbbbbbbbbbbbbbb│                             
a                                       │bbbbbbbbbb                                        │                             
line13-aaaaaaaaaaaaaaaaaaaaaaaaaaaaaaaaa│line6-bbbbbbbbbbbbbbbbbbbbbbbbbbbbbbbbbbbbbbbbbbbb│                             
aaaaaaaaaaaaaaaaaaaaaaaaaaaaaaaaaaaaaaaa│bbbbbbbbbb                                        │                             
aaaaaaaaaaaaaaaaaaaaaaaaaaaaaaaaaaaaaaaa│line7-bbbbbbbbbbbbbbbbbbbbbbbbbbbbbbbbbbbbbbbbbbbb│                             
a                                       │bbbbbbbbbb                                        │                             
line14-aaaaaaaaaaaaaaaaaaaaaaaaaaaaaaaaa│line8-bbbbbbbbbbbbbbbbbbbbbbbbbbbbbbbbbbbbbbbbbbbb│                             
aaaaaaaaaaaaaaaaaaaaaaaaaaaaaaaaaaaaaaaa│bbbbbbbbbb                                        │                             
aaaaaaaaaaaaaaaaaaaaaaaaaaaaaaaaaaaaaaaa│line9-bbbbbbbbbbbbbbbbbbbbbbbbbbbbbbbbbbbbbbbbbbbb│                             
a                                       │bbbbbbbbbb                                        │                             
line15-aaaaaaaaaaaaaaaaaaaaaaaaaaaaaaaaa│line10-bbbbbbbbbbbbbbbbbbbbbbbbbbbbbbbbbbbbbbbbbbb│                             
aaaaaaaaaaaaaaaaaaaaaaaaaaaaaaaaaaaaaaaa│bbbbbbbbbb                                        │line1-bbbbbbbbbbbbbbbbbbbbbbb
aaaaaaaaaaaaaaaaaaaaaaaaaaaaaaaaaaaaaaaa│line11-bbbbbbbbbbbbbbbbbbbbbbbbbbbbbbbbbbbbbbbbbbb│line2-bbbbbbbbbbbbbbbbbbbbbbb
a                                       │bbbbbbbbbb                                        │line3-bbbbbbbbbbbbbbbbbbbbbbb
line16-aaaaaaaaaaaaaaaaaaaaaaaaaaaaaaaaa│line12-bbbbbbbbbbbbbbbbbbbbbbbbbbbbbbbbbbbbbbbbbbb│line4-bbbbbbbbbbbbbbbbbbbbbbb
aaaaaaaaaaaaaaaaaaaaaaaaaaaaaaaaaaaaaaaa│bbbbbbbbbb                                        │line5-bbbbbbbbbbbbbbbbbbbbbbb
aaaaaaaaaaaaaaaaaaaaaaaaaaaaaaaaaaaaaaaa│line13-bbbbbbbbbbbbbbbbbbbbbbbbbbbbbbbbbbbbbbbbbbb│line6-bbbbbbbbbbbbbbbbbbbbbbb
a                                       │bbbbbbbbbb                                        │line7-bbbbbbbbbbbbbbbbbbbbbbb
line17-aaaaaaaaaaaaaaaaaaaaaaaaaaaaaaaaa│line14-bbbbbbbbbbbbbbbbbbbbbbbbbbbbbbbbbbbbbbbbbbb│line8-bbbbbbbbbbbbbbbbbbbbbbb
aaaaaaaaaaaaaaaaaaaaaaaaaaaaaaaaaaaaaaaa│bbbbbbbbbb                                        │line9-bbbbbbbbbbbbbbbbbbbbbbb
aaaaaaaaaaaaaaaaaaaaaaaaaaaaaaaaaaaaaaaa│line15-bbbbbbbbbbbbbbbbbbbbbbbbbbbbbbbbbbbbbbbbbbb│line10-bbbbbbbbbbbbbbbbbbbbbb
a                                       │bbbbbbbbbb                                        │line11-bbbbbbbbbbbbbbbbbbbbbb
line18-aaaaaaaaaaaaaaaaaaaaaaaaaaaaaaaaa│line16-bbbbbbbbbbbbbbbbbbbbbbbbbbbbbbbbbbbbbbbbbbb│line12-bbbbbbbbbbbbbbbbbbbbbb
aaaaaaaaaaaaaaaaaaaaaaaaaaaaaaaaaaaaaaaa│bbbbbbbbbb                                        │line13-bbbbbbbbbbbbbbbbbbbbbb
aaaaaaaaaaaaaaaaaaaaaaaaaaaaaaaaaaaaaaaa│line17-bbbbbbbbbbbbbbbbbbbbbbbbbbbbbbbbbbbbbbbbbbb│line14-bbbbbbbbbbbbbbbbbbbbbb
a                                       │bbbbbbbbbb                                        │line15-bbbbbbbbbbbbbbbbbbbbbb
line19-aaaaaaaaaaaaaaaaaaaaaaaaaaaaaaaaa│line18-bbbbbbbbbbbbbbbbbbbbbbbbbbbbbbbbbbbbbbbbbbb│line16-bbbbbbbbbbbbbbbbbbbbbb
aaaaaaaaaaaaaaaaaaaaaaaaaaaaaaaaaaaaaaaa│bbbbbbbbbb                                        │line17-bbbbbbbbbbbbbbbbbbbbbb
aaaaaaaaaaaaaaaaaaaaaaaaaaaaaaaaaaaaaaaa│line19-bbbbbbbbbbbbbbbbbbbbbbbbbbbbbbbbbbbbbbbbbbb│line18-bbbbbbbbbbbbbbbbbbbbbb
a                                       │bbbbbbbbbb                                        │line19-bbbbbbbbbbbbbbbbbbbbbb
prompt $ █                              │prompt $                                          │prompt $                     
