---
source: src/tests/integration/resize_down.rs
expression: snapshot
---
aaaaaaaaaaaaaaaaaaaaaaaaaaaaaa│                                                            │line1-bbbbbbbbbbbbbbbbbbbbbbb
aaaaaaaaaaaaaaaaaaaaaaaaaaaaaa│                                                            │line2-bbbbbbbbbbbbbbbbbbbbbbb
aaaaaaaaaaaaaaaaaaaaaaaaaaaaaa│                                                            │line3-bbbbbbbbbbbbbbbbbbbbbbb
a                             │                                                            │line4-bbbbbbbbbbbbbbbbbbbbbbb
line17-aaaaaaaaaaaaaaaaaaaaaaa│                                                            │line5-bbbbbbbbbbbbbbbbbbbbbbb
aaaaaaaaaaaaaaaaaaaaaaaaaaaaaa│                                                            │line6-bbbbbbbbbbbbbbbbbbbbbbb
aaaaaaaaaaaaaaaaaaaaaaaaaaaaaa│                                                            │line7-bbbbbbbbbbbbbbbbbbbbbbb
aaaaaaaaaaaaaaaaaaaaaaaaaaaaaa│                                                            │line8-bbbbbbbbbbbbbbbbbbbbbbb
a                             │                                                            │line9-bbbbbbbbbbbbbbbbbbbbbbb
line18-aaaaaaaaaaaaaaaaaaaaaaa│                                                            │line10-bbbbbbbbbbbbbbbbbbbbbb
aaaaaaaaaaaaaaaaaaaaaaaaaaaaaa│                                                            │line11-bbbbbbbbbbbbbbbbbbbbbb
aaaaaaaaaaaaaaaaaaaaaaaaaaaaaa│                                                            │line12-bbbbbbbbbbbbbbbbbbbbbb
aaaaaaaaaaaaaaaaaaaaaaaaaaaaaa│                                                            │line13-bbbbbbbbbbbbbbbbbbbbbb
a                             │                                                            │line14-bbbbbbbbbbbbbbbbbbbbbb
line19-aaaaaaaaaaaaaaaaaaaaaaa│                                                            │line15-bbbbbbbbbbbbbbbbbbbbbb
aaaaaaaaaaaaaaaaaaaaaaaaaaaaaa│                                                            │line16-bbbbbbbbbbbbbbbbbbbbbb
aaaaaaaaaaaaaaaaaaaaaaaaaaaaaa│                                                            │line17-bbbbbbbbbbbbbbbbbbbbbb
aaaaaaaaaaaaaaaaaaaaaaaaaaaaaa│                                                            │line18-bbbbbbbbbbbbbbbbbbbbbb
a                             │                                                            │line19-bbbbbbbbbbbbbbbbbbbbbb
prompt $                      │                                                            │prompt $                     
──────────────────────────────│line1-bbbbbbbbbbbbbbbbbbbbbbbbbbbbbbbbbbbbbbbbbbbbbbbbbbbbbb│─────────────────────────────
line2-bbbbbbbbbbbbbbbbbbbbbbbb│line2-bbbbbbbbbbbbbbbbbbbbbbbbbbbbbbbbbbbbbbbbbbbbbbbbbbbbbb│                             
line3-bbbbbbbbbbbbbbbbbbbbbbbb│line3-bbbbbbbbbbbbbbbbbbbbbbbbbbbbbbbbbbbbbbbbbbbbbbbbbbbbbb│                             
line4-bbbbbbbbbbbbbbbbbbbbbbbb│line4-bbbbbbbbbbbbbbbbbbbbbbbbbbbbbbbbbbbbbbbbbbbbbbbbbbbbbb│                             
line5-bbbbbbbbbbbbbbbbbbbbbbbb│line5-bbbbbbbbbbbbbbbbbbbbbbbbbbbbbbbbbbbbbbbbbbbbbbbbbbbbbb│                             
line6-bbbbbbbbbbbbbbbbbbbbbbbb│line6-bbbbbbbbbbbbbbbbbbbbbbbbbbbbbbbbbbbbbbbbbbbbbbbbbbbbbb│                             
line7-bbbbbbbbbbbbbbbbbbbbbbbb│line7-bbbbbbbbbbbbbbbbbbbbbbbbbbbbbbbbbbbbbbbbbbbbbbbbbbbbbb│                             
line8-bbbbbbbbbbbbbbbbbbbbbbbb│line8-bbbbbbbbbbbbbbbbbbbbbbbbbbbbbbbbbbbbbbbbbbbbbbbbbbbbbb│                             
line9-bbbbbbbbbbbbbbbbbbbbbbbb│line9-bbbbbbbbbbbbbbbbbbbbbbbbbbbbbbbbbbbbbbbbbbbbbbbbbbbbbb│                             
line10-bbbbbbbbbbbbbbbbbbbbbbb│line10-bbbbbbbbbbbbbbbbbbbbbbbbbbbbbbbbbbbbbbbbbbbbbbbbbbbbb│                             
line11-bbbbbbbbbbbbbbbbbbbbbbb│line11-bbbbbbbbbbbbbbbbbbbbbbbbbbbbbbbbbbbbbbbbbbbbbbbbbbbbb│                             
line12-bbbbbbbbbbbbbbbbbbbbbbb│line12-bbbbbbbbbbbbbbbbbbbbbbbbbbbbbbbbbbbbbbbbbbbbbbbbbbbbb│                             
line13-bbbbbbbbbbbbbbbbbbbbbbb│line13-bbbbbbbbbbbbbbbbbbbbbbbbbbbbbbbbbbbbbbbbbbbbbbbbbbbbb│                             
line14-bbbbbbbbbbbbbbbbbbbbbbb│line14-bbbbbbbbbbbbbbbbbbbbbbbbbbbbbbbbbbbbbbbbbbbbbbbbbbbbb│                             
line15-bbbbbbbbbbbbbbbbbbbbbbb│line15-bbbbbbbbbbbbbbbbbbbbbbbbbbbbbbbbbbbbbbbbbbbbbbbbbbbbb│                             
line16-bbbbbbbbbbbbbbbbbbbbbbb│line16-bbbbbbbbbbbbbbbbbbbbbbbbbbbbbbbbbbbbbbbbbbbbbbbbbbbbb│                             
line17-bbbbbbbbbbbbbbbbbbbbbbb│line17-bbbbbbbbbbbbbbbbbbbbbbbbbbbbbbbbbbbbbbbbbbbbbbbbbbbbb│                             
line18-bbbbbbbbbbbbbbbbbbbbbbb│line18-bbbbbbbbbbbbbbbbbbbbbbbbbbbbbbbbbbbbbbbbbbbbbbbbbbbbb│                             
line19-bbbbbbbbbbbbbbbbbbbbbbb│line19-bbbbbbbbbbbbbbbbbbbbbbbbbbbbbbbbbbbbbbbbbbbbbbbbbbbbb│                             
prompt $                      │prompt $                                                    │█                            
