---
source: src/tests/integration/resize_down.rs
expression: snapshot
---
aaaaaaaaaaaaaaaaaaaaaaaaaaaaaa│                                                            │line1-bbbbbbbbbbbbbbbbbbbbbbb
aaaaaaaaaaaaaaaaaaaaaaaaaaaaaa│                                                            │line2-bbbbbbbbbbbbbbbbbbbbbbb
aaaaaaaaaaaaaaaaaaaaaaaaaaaaaa│line1-bbbbbbbbbbbbbbbbbbbbbbbbbbbbbbbbbbbbbbbbbbbbbbbbbbbbbb│line3-bbbbbbbbbbbbbbbbbbbbbbb
a                             │line2-bbbbbbbbbbbbbbbbbbbbbbbbbbbbbbbbbbbbbbbbbbbbbbbbbbbbbb│line4-bbbbbbbbbbbbbbbbbbbbbbb
line17-aaaaaaaaaaaaaaaaaaaaaaa│line3-bbbbbbbbbbbbbbbbbbbbbbbbbbbbbbbbbbbbbbbbbbbbbbbbbbbbbb│line5-bbbbbbbbbbbbbbbbbbbbbbb
aaaaaaaaaaaaaaaaaaaaaaaaaaaaaa│line4-bbbbbbbbbbbbbbbbbbbbbbbbbbbbbbbbbbbbbbbbbbbbbbbbbbbbbb│line6-bbbbbbbbbbbbbbbbbbbbbbb
aaaaaaaaaaaaaaaaaaaaaaaaaaaaaa│line5-bbbbbbbbbbbbbbbbbbbbbbbbbbbbbbbbbbbbbbbbbbbbbbbbbbbbbb│line7-bbbbbbbbbbbbbbbbbbbbbbb
aaaaaaaaaaaaaaaaaaaaaaaaaaaaaa│line6-bbbbbbbbbbbbbbbbbbbbbbbbbbbbbbbbbbbbbbbbbbbbbbbbbbbbbb│line8-bbbbbbbbbbbbbbbbbbbbbbb
a                             │line7-bbbbbbbbbbbbbbbbbbbbbbbbbbbbbbbbbbbbbbbbbbbbbbbbbbbbbb│line9-bbbbbbbbbbbbbbbbbbbbbbb
line18-aaaaaaaaaaaaaaaaaaaaaaa│line8-bbbbbbbbbbbbbbbbbbbbbbbbbbbbbbbbbbbbbbbbbbbbbbbbbbbbbb│line10-bbbbbbbbbbbbbbbbbbbbbb
aaaaaaaaaaaaaaaaaaaaaaaaaaaaaa│line9-bbbbbbbbbbbbbbbbbbbbbbbbbbbbbbbbbbbbbbbbbbbbbbbbbbbbbb│line11-bbbbbbbbbbbbbbbbbbbbbb
aaaaaaaaaaaaaaaaaaaaaaaaaaaaaa│line10-bbbbbbbbbbbbbbbbbbbbbbbbbbbbbbbbbbbbbbbbbbbbbbbbbbbbb│line12-bbbbbbbbbbbbbbbbbbbbbb
aaaaaaaaaaaaaaaaaaaaaaaaaaaaaa│line11-bbbbbbbbbbbbbbbbbbbbbbbbbbbbbbbbbbbbbbbbbbbbbbbbbbbbb│line13-bbbbbbbbbbbbbbbbbbbbbb
a                             │line12-bbbbbbbbbbbbbbbbbbbbbbbbbbbbbbbbbbbbbbbbbbbbbbbbbbbbb│line14-bbbbbbbbbbbbbbbbbbbbbb
line19-aaaaaaaaaaaaaaaaaaaaaaa│line13-bbbbbbbbbbbbbbbbbbbbbbbbbbbbbbbbbbbbbbbbbbbbbbbbbbbbb│line15-bbbbbbbbbbbbbbbbbbbbbb
aaaaaaaaaaaaaaaaaaaaaaaaaaaaaa│line14-bbbbbbbbbbbbbbbbbbbbbbbbbbbbbbbbbbbbbbbbbbbbbbbbbbbbb│line16-bbbbbbbbbbbbbbbbbbbbbb
aaaaaaaaaaaaaaaaaaaaaaaaaaaaaa│line15-bbbbbbbbbbbbbbbbbbbbbbbbbbbbbbbbbbbbbbbbbbbbbbbbbbbbb│line17-bbbbbbbbbbbbbbbbbbbbbb
aaaaaaaaaaaaaaaaaaaaaaaaaaaaaa│line16-bbbbbbbbbbbbbbbbbbbbbbbbbbbbbbbbbbbbbbbbbbbbbbbbbbbbb│line18-bbbbbbbbbbbbbbbbbbbbbb
a                             │line17-bbbbbbbbbbbbbbbbbbbbbbbbbbbbbbbbbbbbbbbbbbbbbbbbbbbbb│line19-bbbbbbbbbbbbbbbbbbbbbb
prompt $                      │line18-bbbbbbbbbbbbbbbbbbbbbbbbbbbbbbbbbbbbbbbbbbbbbbbbbbbbb│prompt $                     
──────────────────────────────│line19-bbbbbbbbbbbbbbbbbbbbbbbbbbbbbbbbbbbbbbbbbbbbbbbbbbbbb│─────────────────────────────
line2-bbbbbbbbbbbbbbbbbbbbbbbb│prompt $                                                    │line2-bbbbbbbbbbbbbbbbbbbbbbb
line3-bbbbbbbbbbbbbbbbbbbbbbbb│────────────────────────────────────────────────────────────│line3-bbbbbbbbbbbbbbbbbbbbbbb
line4-bbbbbbbbbbbbbbbbbbbbbbbb│bbbbbbbbbb│line4-bbbbbbbbbbbbbbbbbbbbbbb     │line4-bbbbbbbb│line4-bbbbbbbbbbbbbbbbbbbbbbb
line5-bbbbbbbbbbbbbbbbbbbbbbbb│bbbbbbbbbb│line5-bbbbbbbbbbbbbbbbbbbbbbb     │line5-bbbbbbbb│line5-bbbbbbbbbbbbbbbbbbbbbbb
line6-bbbbbbbbbbbbbbbbbbbbbbbb│bbbbbbbbbb│line6-bbbbbbbbbbbbbbbbbbbbbbb     │line6-bbbbbbbb│line6-bbbbbbbbbbbbbbbbbbbbbbb
line7-bbbbbbbbbbbbbbbbbbbbbbbb│bbbbbbbbbb│line7-bbbbbbbbbbbbbbbbbbbbbbb     │line7-bbbbbbbb│line7-bbbbbbbbbbbbbbbbbbbbbbb
line8-bbbbbbbbbbbbbbbbbbbbbbbb│line18-bbb│line8-bbbbbbbbbbbbbbbbbbbbbbb     │line8-bbbbbbbb│line8-bbbbbbbbbbbbbbbbbbbbbbb
line9-bbbbbbbbbbbbbbbbbbbbbbbb│bbbbbbbbbb│line9-bbbbbbbbbbbbbbbbbbbbbbb     │line9-bbbbbbbb│line9-bbbbbbbbbbbbbbbbbbbbbbb
line10-bbbbbbbbbbbbbbbbbbbbbbb│bbbbbbbbbb│line10-bbbbbbbbbbbbbbbbbbbbbb     │line10-bbbbbbb│line10-bbbbbbbbbbbbbbbbbbbbbb
line11-bbbbbbbbbbbbbbbbbbbbbbb│bbbbbbbbbb│line11-bbbbbbbbbbbbbbbbbbbbbb     │line11-bbbbbbb│line11-bbbbbbbbbbbbbbbbbbbbbb
line12-bbbbbbbbbbbbbbbbbbbbbbb│bbbbbbbbbb│line12-bbbbbbbbbbbbbbbbbbbbbb     │line12-bbbbbbb│line12-bbbbbbbbbbbbbbbbbbbbbb
line13-bbbbbbbbbbbbbbbbbbbbbbb│bbbbbbbbbb│line13-bbbbbbbbbbbbbbbbbbbbbb     │line13-bbbbbbb│line13-bbbbbbbbbbbbbbbbbbbbbb
line14-bbbbbbbbbbbbbbbbbbbbbbb│line19-bbb│line14-bbbbbbbbbbbbbbbbbbbbbb     │line14-bbbbbbb│line14-bbbbbbbbbbbbbbbbbbbbbb
line15-bbbbbbbbbbbbbbbbbbbbbbb│bbbbbbbbbb│line15-bbbbbbbbbbbbbbbbbbbbbb     │line15-bbbbbbb│line15-bbbbbbbbbbbbbbbbbbbbbb
line16-bbbbbbbbbbbbbbbbbbbbbbb│bbbbbbbbbb│line16-bbbbbbbbbbbbbbbbbbbbbb     │line16-bbbbbbb│line16-bbbbbbbbbbbbbbbbbbbbbb
line17-bbbbbbbbbbbbbbbbbbbbbbb│bbbbbbbbbb│line17-bbbbbbbbbbbbbbbbbbbbbb     │line17-bbbbbbb│line17-bbbbbbbbbbbbbbbbbbbbbb
line18-bbbbbbbbbbbbbbbbbbbbbbb│bbbbbbbbbb│line18-bbbbbbbbbbbbbbbbbbbbbb     │line18-bbbbbbb│line18-bbbbbbbbbbbbbbbbbbbbbb
line19-bbbbbbbbbbbbbbbbbbbbbbb│bbbbbbbbbb│line19-bbbbbbbbbbbbbbbbbbbbbb     │line19-bbbbbbb│line19-bbbbbbbbbbbbbbbbbbbbbb
prompt $                      │prompt $  │prompt $ █                        │prompt $      │prompt $                     
