---
source: src/tests/integration.rs
expression: snapshot
---
                                                                                                                         
                                                                                                                         
                                                                                                                         
                                                                                                                         
                                                                                                                         
                                                                                                                         
                                                                                                                         
                                                                                                                         
Welcome to fish, the friendly interactive shell                                                                          
⋊> ~/c/mosaic on main ⨯                                                                                          10:47:03
─────────────────────────────────────────────────────────────────────────────────────────────────────────────────────────
                                                                                                                         
                                                                                                                         
                                                                                                                         
                                                                                                                         
                                                                                                                         
                                                                                                                         
                                                                                                                         
Welcome to fish, the friendly interactive shell                                                                          
⋊> ~/c/mosaic on main ⨯ █                                                                                        10:47:03
